---
source: go-away/tests/swift_output.rs
expression: "go_away::registry_to_output::<go_away::SwiftType>(&registry)"
---
public struct Two: Hashable, Codable {
    public var y: Bool

    public init(
        y: Bool,
    ) {
        self.y = y
    }
}

extension Two {
    enum CodingKeys: String, CodingKey {
        case y = "y"
    }
}

public struct One: Hashable, Codable {
    public var x: Double

    public init(
        x: Double,
    ) {
        self.x = x
    }
}

extension One {
    enum CodingKeys: String, CodingKey {
        case x = "x"
    }
}

public enum AdjacentlyTaggedTupleEnums {
    case optionOne(One)
    case optionTwo(Two)
    enum CodingKeys: String, CodingKey {
        case optionOne = "OptionOne"
        case optionTwo = "OptionTwo"
    }
}

extension AdjacentlyTaggedTupleEnums: Decodable {
    init(from decoder: Decoder) throws {
        enum ContainerKeys: String, CodingKey {
            case tag = "type"
            case data = "data"
        }
        let container = try decoder.container(ContainerKeys.self)
        let key = try decoder.decode(AdjacentlyTaggedTupleEnums.CodingKeys.self, forKey: .tag)
        switch key {
            case .optionOne:
                return try container.decode(One.self, forKey: .data)
            }
            case .optionTwo:
                return try container.decode(Two.self, forKey: .data)
            }
            default:
                throw "Unknown variant"
        }

    }
}

extension AdjacentlyTaggedTupleEnums: Encodable {
    func encode(to encoder: Encoder) throws {
        enum ContainerKeys: String, CodingKey {
            case tag = "type"
            case data = "data
        }
        let container = try encoder.container(ContainerKeys.self)
        switch this {
            case .optionOne(data):
                try container.encode(AdjacentlyTaggedTupleEnums.CodingKeys.name, forKey: .tag)
                try container.encode(data, forKey: .data)
            }
            case .optionTwo(data):
                try container.encode(AdjacentlyTaggedTupleEnums.CodingKeys.name, forKey: .tag)
                try container.encode(data, forKey: .data)
            }
        }

    }
}



